// Jest Snapshot v1, https://goo.gl/fbAQLP

exports[`Landing page should render without crashing 1`] = `
<h1>
  Landing Page
</h1>
`;
